\BOOKMARK [1][-]{section.1}{\376\377\123\101\201\302\155\113\213\325\136\163\123\360}{}% 1
\BOOKMARK [2][-]{subsection.1.1}{\376\377\000\134\000v\000a\000r\000e\000p\000s\000i\000l\000o\000n\000-\215\052\132\152\173\227\154\325}{section.1}% 2
\BOOKMARK [3][-]{subsubsection.1.1.1}{\376\377\150\070\137\303\225\356\230\230\377\032\143\242\175\042\116\016\122\051\165\050\166\204\147\103\210\141}{subsection.1.1}% 3
\BOOKMARK [3][-]{subsubsection.1.1.2}{\376\377\173\227\154\325\140\035\140\363}{subsection.1.1}% 4
\BOOKMARK [3][-]{subsubsection.1.1.3}{\376\377\173\227\154\325\155\101\172\013}{subsection.1.1}% 5
\BOOKMARK [3][-]{subsubsection.1.1.4}{\376\377\173\227\154\325\166\204\117\030\177\072\160\271}{subsection.1.1}% 6
\BOOKMARK [3][-]{subsubsection.1.1.5}{\376\377\145\071\217\333\116\016\123\330\117\123}{subsection.1.1}% 7
\BOOKMARK [3][-]{subsubsection.1.1.6}{\376\377\140\073\176\323}{subsection.1.1}% 8
\BOOKMARK [3][-]{subsubsection.1.1.7}{\376\377\116\000\116\052\121\170\127\213\166\204\133\236\232\214\176\323\147\234}{subsection.1.1}% 9
\BOOKMARK [2][-]{subsection.1.2}{\376\377\123\101\201\302\155\113\213\325\136\163\123\360\166\204\227\136\136\163\172\063\225\356\230\230}{section.1}% 10
\BOOKMARK [2][-]{subsection.1.3}{\376\377\116\120\211\302\122\035\131\313\120\074}{section.1}% 11
\BOOKMARK [3][-]{subsubsection.1.3.1}{\376\377\116\300\116\110\146\057\137\072\123\026\133\146\116\140\116\055\166\204\000`\000`\116\120\211\302\122\035\131\313\120\074\000'\000'\377\037}{subsection.1.3}% 12
\BOOKMARK [3][-]{subsubsection.1.3.2}{\376\377\127\050\123\101\201\302\155\113\213\325\136\163\123\360\116\012\166\204\117\134\165\050\116\016\147\072\122\066}{subsection.1.3}% 13
\BOOKMARK [3][-]{subsubsection.1.3.3}{\376\377\116\120\211\302\122\035\131\313\120\074\116\016\000\040\003\265\000-\215\052\132\152\060\001\210\160\121\317\000\040\003\265\166\204\153\324\217\203}{subsection.1.3}% 14
\BOOKMARK [2][-]{subsection.1.4}{\376\377\116\012\177\156\117\341\165\114\377\010\000U\000p\000p\000e\000r\000-\000C\000o\000n\000f\000i\000d\000e\000n\000c\000e\000-\000B\000o\000u\000n\000d\000,\000\040\000U\000C\000B\377\011\122\250\117\134\220\011\142\351}{section.1}% 15
\BOOKMARK [2][-]{subsection.1.5}{\376\377\150\257\136\246\215\114\123\132\147\072\377\010\000G\000r\000a\000d\000i\000e\000n\000t\000\040\000B\000a\000n\000d\000i\000t\377\011\173\227\154\325}{section.1}% 16
\BOOKMARK [2][-]{subsection.1.6}{\376\377\000P\000y\000T\000o\000r\000c\000h\000\040\133\236\163\260\166\204\000\040\003\265\000-\215\052\132\152\060\001\000U\000C\000B\116\016\150\257\136\246\215\114\123\132\147\072}{section.1}% 17
\BOOKMARK [3][-]{subsubsection.1.6.1}{\376\377\003\265\000-\215\052\132\152\060\001\000U\000C\000B\116\016\150\257\136\246\215\114\123\132\147\072\173\227\154\325\133\371\153\324}{subsection.1.6}% 18
\BOOKMARK [3][-]{subsubsection.1.6.2}{\376\377\000P\000y\000t\000o\000r\000c\000h\133\236\163\260\166\204\117\030\177\072\160\271}{subsection.1.6}% 19
\BOOKMARK [2][-]{subsection.1.7}{\376\377\123\302\145\160\122\006\147\220}{section.1}% 20
